// Jest Snapshot v1, https://goo.gl/fbAQLP

exports[`<App /> should render and match the snapshot 1`] = `
<BrowserRouter>
  <Routes>
    <Route
      element={<DefaultLayout />}
      path="/"
    >
      <Route
        element={<Apple />}
        path=""
      />
      <Route
        element={
          <React.Fragment>
            Another
          </React.Fragment>
        }
        path="another"
      />
    </Route>
  </Routes>
</BrowserRouter>
`;
